[2026-08-27 23:43:40] POST /api/v1/auth/login
[2026-08-27 23:43:41] GET /api/v1/auth/me
[2026-08-27 23:43:41] GET /api/v1/alerts/
[2026-08-27 23:43:41] GET /api/v1/investigations/
[2026-08-27 23:43:41] GET /api/v1/transactions/
[2026-08-27 23:43:41] GET /api/v1/investigations/
[2026-08-27 23:43:41] GET /api/v1/transactions/
[2026-08-27 23:43:41] GET /api/v1/alerts/
[2026-08-27 23:43:48] GET /api/v1/reports/csv/transactions
[2026-08-27 23:43:49] GET /favicon.ico
[2026-08-27 23:43:57] GET /api/v1/reports/pdf/cases
[2026-08-27 23:44:01] GET /api/v1/transactions/
[2026-08-27 23:44:01] GET /api/v1/transactions/
[2026-08-27 23:44:03] GET /api/v1/investigations/
[2026-08-27 23:44:03] GET /api/v1/investigations/
[2026-08-27 23:44:04] GET /api/v1/customers/
[2026-08-27 23:44:04] GET /api/v1/customers/
[2026-08-27 23:44:49] GET /api/v1/customers/
[2026-08-27 23:44:49] GET /api/v1/customers/
[2026-08-27 23:44:51] GET /api/v1/investigations/
[2026-08-27 23:44:51] GET /api/v1/investigations/
[2026-08-27 23:44:52] GET /api/v1/transactions/
[2026-08-27 23:44:52] GET /api/v1/transactions/
[2026-08-27 23:44:52] GET /api/v1/transactions/
[2026-08-27 23:44:52] GET /api/v1/investigations/
[2026-08-27 23:44:52] GET /api/v1/alerts/
[2026-08-27 23:44:52] GET /api/v1/investigations/
[2026-08-27 23:44:52] GET /api/v1/alerts/
[2026-08-27 23:44:52] GET /api/v1/transactions/
[2026-08-27 23:45:00] POST /api/v1/auth/login
[2026-08-27 23:45:10] POST /api/v1/auth/login
[2026-08-27 23:45:10] GET /api/v1/auth/me
[2026-08-27 23:45:10] GET /api/v1/transactions/
[2026-08-27 23:45:10] GET /api/v1/alerts/
[2026-08-27 23:45:10] GET /api/v1/investigations/
[2026-08-27 23:45:10] GET /api/v1/alerts/
[2026-08-27 23:45:10] GET /api/v1/investigations/
[2026-08-27 23:45:10] GET /api/v1/transactions/
[2026-08-27 23:45:20] POST /api/v1/auth/login
[2026-08-27 23:48:42] GET /api/v1/auth/me
[2026-08-27 23:48:42] GET /api/v1/auth/me
[2026-08-27 23:48:42] GET /api/v1/auth/me
[2026-08-27 23:48:42] GET /api/v1/auth/me
[2026-08-27 23:48:42] GET /api/v1/auth/me
[2026-08-27 23:48:42] GET /api/v1/auth/me
[2026-08-27 23:48:42] GET /api/v1/auth/me
[2026-08-27 23:48:42] GET /api/v1/auth/me
[2026-08-27 23:48:43] GET /api/v1/auth/me
[2026-08-27 23:48:43] GET /api/v1/auth/me
[2026-08-27 23:48:44] POST /api/v1/auth/login
[2026-08-27 23:48:44] GET /api/v1/auth/me
[2026-08-27 23:48:44] GET /api/v1/transactions/
[2026-08-27 23:48:44] GET /api/v1/alerts/
[2026-08-27 23:48:44] GET /api/v1/investigations/
[2026-08-27 23:48:45] GET /api/v1/alerts/
[2026-08-27 23:48:45] GET /api/v1/investigations/
[2026-08-27 23:48:45] GET /api/v1/transactions/
[2026-08-27 23:48:53] POST /api/v1/auth/login
[2026-08-27 23:48:53] GET /api/v1/auth/me
[2026-08-27 23:52:25] GET /api/v1/auth/me
[2026-08-27 23:52:25] GET /api/v1/auth/me
[2026-08-27 23:52:28] POST /api/v1/auth/login
[2026-08-27 23:52:28] GET /api/v1/auth/me
[2026-08-27 23:52:28] GET /api/v1/transactions/
[2026-08-27 23:52:28] GET /api/v1/investigations/
[2026-08-27 23:52:28] GET /api/v1/alerts/
[2026-08-27 23:52:29] GET /api/v1/transactions/
[2026-08-27 23:52:29] GET /api/v1/investigations/
[2026-08-27 23:52:29] GET /api/v1/alerts/
[2026-08-27 23:52:36] POST /api/v1/auth/login
[2026-08-27 23:52:37] GET /api/v1/auth/me
[2026-08-27 23:52:38] POST /api/v1/auth/login
[2026-08-27 23:52:38] GET /api/v1/auth/me
[2026-08-28 00:04:13] POST /api/v1/auth/login
[2026-08-28 00:04:13] GET /api/v1/auth/me
[2026-08-28 00:04:13] GET /api/v1/transactions/
[2026-08-28 00:04:13] GET /api/v1/alerts/
[2026-08-28 00:04:13] GET /api/v1/investigations/
[2026-08-28 00:04:14] GET /api/v1/transactions/
[2026-08-28 00:04:14] GET /api/v1/investigations/
[2026-08-28 00:04:14] GET /api/v1/alerts/
[2026-08-28 00:04:21] GET /api/v1/transactions/
[2026-08-28 00:04:21] GET /api/v1/transactions/
[2026-08-28 00:04:30] GET /api/v1/investigations/
[2026-08-28 00:04:30] GET /api/v1/investigations/
[2026-08-28 00:04:32] GET /api/v1/customers/
[2026-08-28 00:04:32] GET /api/v1/customers/
[2026-08-28 00:04:41] GET /api/v1/models/metrics
[2026-08-28 00:04:41] GET /api/v1/models/metrics
[2026-08-28 00:04:42] GET /api/v1/audit
[2026-08-28 00:04:42] GET /api/v1/audit
[2026-08-28 00:04:42] GET /api/v1/audit/
[2026-08-28 00:04:42] GET /api/v1/audit/
[2026-08-28 00:04:44] GET /api/v1/models/metrics
[2026-08-28 00:04:44] GET /api/v1/models/metrics
[2026-08-28 00:04:54] GET /api/v1/audit
[2026-08-28 00:04:54] GET /api/v1/audit
[2026-08-28 00:04:54] GET /api/v1/audit/
[2026-08-28 00:04:54] GET /api/v1/audit/
[2026-08-28 00:05:22] POST /api/v1/auth/login
[2026-08-28 00:05:22] GET /api/v1/auth/me
[2026-08-28 00:05:22] GET /api/v1/investigations/
[2026-08-28 00:05:22] GET /api/v1/investigations/
[2026-08-28 00:05:24] GET /api/v1/transactions/
[2026-08-28 00:05:24] GET /api/v1/alerts/
[2026-08-28 00:05:24] GET /api/v1/investigations/
[2026-08-28 00:05:24] GET /api/v1/transactions/
[2026-08-28 00:05:24] GET /api/v1/alerts/
[2026-08-28 00:05:24] GET /api/v1/investigations/
[2026-08-28 00:05:27] GET /api/v1/transactions/
[2026-08-28 00:05:27] GET /api/v1/transactions/
[2026-08-28 00:05:28] GET /api/v1/investigations/
[2026-08-28 00:05:28] GET /api/v1/investigations/
[2026-08-28 00:05:30] GET /api/v1/customers/
[2026-08-28 00:05:30] GET /api/v1/customers/
[2026-08-28 00:36:04] GET /api/v1/auth/me
[2026-08-28 00:36:04] GET /api/v1/auth/me
[2026-08-28 00:36:07] POST /api/v1/auth/login
[2026-08-28 00:36:09] POST /api/v1/auth/login
[2026-08-28 00:36:09] POST /api/v1/auth/login
[2026-08-28 00:36:19] POST /api/v1/auth/login
[2026-08-28 00:36:24] POST /api/v1/auth/login
[2026-08-28 00:36:27] POST /api/v1/auth/login
[2026-08-28 00:37:31] POST /api/v1/auth/login
[2026-08-28 00:38:52] POST /api/v1/auth/login
[2026-08-28 00:38:53] GET /api/v1/auth/me
[2026-08-28 00:38:53] GET /api/v1/alerts/
[2026-08-28 00:38:53] GET /api/v1/investigations/
[2026-08-28 00:38:53] GET /api/v1/transactions/
[2026-08-28 00:38:53] GET /api/v1/investigations/
[2026-08-28 00:38:53] GET /api/v1/alerts/
[2026-08-28 00:38:53] GET /api/v1/transactions/
[2026-08-28 00:38:58] GET /api/v1/transactions/
[2026-08-28 00:38:58] GET /api/v1/transactions/
[2026-08-28 00:38:59] GET /api/v1/investigations/
[2026-08-28 00:38:59] GET /api/v1/investigations/
[2026-08-28 00:38:59] GET /api/v1/investigations/CASE0147
[2026-08-28 00:38:59] GET /api/v1/investigations/CASE0147
[2026-08-28 00:39:03] GET /api/v1/customers/
[2026-08-28 00:39:03] GET /api/v1/customers/
[2026-08-28 00:39:20] GET /api/v1/models/metrics
[2026-08-28 00:39:20] GET /api/v1/models/metrics
[2026-08-28 00:39:23] GET /api/v1/audit
[2026-08-28 00:39:23] GET /api/v1/audit
[2026-08-28 00:39:23] GET /api/v1/audit/
[2026-08-28 00:39:23] GET /api/v1/audit/
[2026-08-28 00:39:25] GET /api/v1/models/metrics
[2026-08-28 00:39:25] GET /api/v1/models/metrics
[2026-08-28 00:39:26] GET /api/v1/investigations/
[2026-08-28 00:39:26] GET /api/v1/investigations/CASE0147
[2026-08-28 00:39:26] GET /api/v1/investigations/
[2026-08-28 00:39:27] GET /api/v1/investigations/CASE0147
[2026-08-28 00:39:27] GET /api/v1/transactions/
[2026-08-28 00:39:27] GET /api/v1/alerts/
[2026-08-28 00:39:27] GET /api/v1/investigations/
[2026-08-28 00:39:28] GET /api/v1/transactions/
[2026-08-28 00:39:28] GET /api/v1/alerts/
[2026-08-28 00:39:28] GET /api/v1/investigations/
[2026-08-28 00:39:29] GET /api/v1/investigations/
[2026-08-28 00:39:29] GET /api/v1/investigations/
[2026-08-28 00:39:29] GET /api/v1/investigations/CASE0147
[2026-08-28 00:39:29] GET /api/v1/investigations/CASE0147
[2026-08-28 00:39:52] POST /api/v1/auth/login
[2026-08-28 00:39:53] GET /api/v1/auth/me
[2026-08-28 00:39:53] GET /api/v1/investigations/
[2026-08-28 00:39:53] GET /api/v1/investigations/
[2026-08-28 00:39:55] GET /api/v1/transactions/
[2026-08-28 00:39:55] GET /api/v1/transactions/
[2026-08-28 00:39:56] GET /api/v1/transactions/
[2026-08-28 00:39:56] GET /api/v1/alerts/
[2026-08-28 00:39:56] GET /api/v1/investigations/
[2026-08-28 00:39:56] GET /api/v1/transactions/
[2026-08-28 00:39:56] GET /api/v1/investigations/
[2026-08-28 00:39:56] GET /api/v1/alerts/
[2026-08-28 00:40:00] GET /api/v1/reports/csv/transactions
[2026-08-28 00:40:00] GET /favicon.ico
[2026-08-28 00:40:03] GET /api/v1/reports/pdf/cases
[2026-08-28 12:10:38] POST /api/v1/auth/login
[2026-08-28 12:10:39] GET /api/v1/auth/me
[2026-08-28 12:10:39] GET /api/v1/transactions/
[2026-08-28 12:10:39] GET /api/v1/alerts/
[2026-08-28 12:10:39] GET /api/v1/investigations/
[2026-08-28 12:10:40] GET /api/v1/transactions/
[2026-08-28 12:10:40] GET /api/v1/alerts/
[2026-08-28 12:10:40] GET /api/v1/investigations/
[2026-08-28 12:10:45] GET /api/v1/transactions/
[2026-08-28 12:10:45] GET /api/v1/transactions/
[2026-08-28 12:10:55] GET /api/v1/investigations/
[2026-08-28 12:10:55] GET /api/v1/investigations/
[2026-08-28 12:10:55] GET /api/v1/investigations/CASE0147
[2026-08-28 12:10:55] GET /api/v1/investigations/CASE0147
[2026-08-28 12:11:08] GET /api/v1/investigations/CASE0147
[2026-08-28 12:11:10] GET /api/v1/investigations/CASE0147
[2026-08-28 12:11:11] GET /api/v1/investigations/CASE0150
[2026-08-28 12:11:13] GET /api/v1/investigations/CASE0147
[2026-08-28 12:11:34] GET /api/v1/investigations/CASE0150
[2026-08-28 12:11:35] GET /api/v1/customers/
[2026-08-28 12:11:36] GET /api/v1/customers/
[2026-08-28 12:11:37] GET /api/v1/models/metrics
[2026-08-28 12:11:37] GET /api/v1/models/metrics
[2026-08-28 12:11:45] GET /api/v1/audit
[2026-08-28 12:11:45] GET /api/v1/audit
[2026-08-28 12:11:45] GET /api/v1/audit/
[2026-08-28 12:11:45] GET /api/v1/audit/
[2026-08-28 12:11:48] GET /api/v1/models/metrics
[2026-08-28 12:11:48] GET /api/v1/models/metrics
[2026-08-28 12:11:50] GET /api/v1/customers/
[2026-08-28 12:11:50] GET /api/v1/customers/
[2026-08-28 12:11:55] POST /api/v1/auth/login
[2026-08-28 12:11:55] GET /api/v1/auth/me
[2026-08-28 12:11:55] GET /api/v1/investigations/
[2026-08-28 12:11:55] GET /api/v1/investigations/
[2026-08-28 12:11:58] GET /api/v1/transactions/
[2026-08-28 12:11:58] GET /api/v1/alerts/
[2026-08-28 12:11:58] GET /api/v1/investigations/
[2026-08-28 12:11:58] GET /api/v1/transactions/
[2026-08-28 12:11:58] GET /api/v1/alerts/
[2026-08-28 12:11:58] GET /api/v1/investigations/
[2026-08-28 12:11:59] GET /api/v1/transactions/
[2026-08-28 12:11:59] GET /api/v1/transactions/
[2026-08-28 12:12:01] GET /api/v1/investigations/
[2026-08-28 12:12:01] GET /api/v1/investigations/
[2026-08-28 12:12:02] GET /api/v1/customers/
[2026-08-28 12:12:02] GET /api/v1/customers/
[2026-08-28 12:12:04] GET /api/v1/transactions/
[2026-08-28 12:12:04] GET /api/v1/transactions/
[2026-08-28 12:12:05] GET /api/v1/transactions/
[2026-08-28 12:12:05] GET /api/v1/alerts/
[2026-08-28 12:12:05] GET /api/v1/investigations/
[2026-08-28 12:12:05] GET /api/v1/investigations/
[2026-08-28 12:12:05] GET /api/v1/transactions/
[2026-08-28 12:12:05] GET /api/v1/alerts/
[2026-08-28 12:12:06] GET /api/v1/transactions/
[2026-08-28 12:12:07] GET /api/v1/transactions/
[2026-08-28 12:12:08] GET /api/v1/transactions/
[2026-08-28 12:12:08] GET /api/v1/investigations/
[2026-08-28 12:12:08] GET /api/v1/alerts/
[2026-08-28 12:12:08] GET /api/v1/alerts/
[2026-08-28 12:12:08] GET /api/v1/transactions/
[2026-08-28 12:12:08] GET /api/v1/investigations/
[2026-08-28 12:12:18] GET /api/v1/reports/pdf/cases
[2026-08-28 12:12:18] GET /favicon.ico
[2026-08-28 12:27:26] GET /api/v1/auth/me
[2026-08-28 12:27:26] GET /api/v1/auth/me
[2026-08-28 12:27:26] GET /api/v1/alerts/
[2026-08-28 12:27:26] GET /api/v1/investigations/
[2026-08-28 12:27:26] GET /api/v1/transactions/
[2026-08-28 12:27:26] GET /api/v1/investigations/
[2026-08-28 12:27:26] GET /api/v1/alerts/
[2026-08-28 12:27:26] GET /api/v1/transactions/
[2026-08-28 12:27:39] GET /api/v1/transactions/
[2026-08-28 12:27:39] GET /api/v1/transactions/
[2026-08-28 12:27:45] GET /api/v1/alerts/
[2026-08-28 12:27:45] GET /api/v1/transactions/
[2026-08-28 12:27:45] GET /api/v1/investigations/
[2026-08-28 12:27:46] GET /api/v1/alerts/
[2026-08-28 12:27:46] GET /api/v1/investigations/
[2026-08-28 12:27:46] GET /api/v1/transactions/
[2026-08-28 12:38:17] GET /api/v1/transactions/
[2026-08-28 12:38:17] GET /api/v1/transactions/
[2026-08-28 12:38:20] GET /api/v1/investigations/
[2026-08-28 12:38:20] GET /api/v1/investigations/
[2026-08-28 12:38:22] GET /api/v1/customers/
[2026-08-28 12:38:22] GET /api/v1/customers/
[2026-08-28 12:38:24] GET /api/v1/transactions/
[2026-08-28 12:38:24] GET /api/v1/transactions/
[2026-08-28 12:38:25] GET /api/v1/investigations/
[2026-08-28 12:38:25] GET /api/v1/investigations/
[2026-08-28 12:38:30] POST /api/v1/auth/login
[2026-08-28 12:38:30] GET /api/v1/auth/me
[2026-08-28 12:38:30] GET /api/v1/investigations/
[2026-08-28 12:38:30] GET /api/v1/alerts/
[2026-08-28 12:38:30] GET /api/v1/transactions/
[2026-08-28 12:38:30] GET /api/v1/investigations/
[2026-08-28 12:38:30] GET /api/v1/transactions/
[2026-08-28 12:38:30] GET /api/v1/alerts/
[2026-08-28 12:38:42] POST /api/v1/auth/login
[2026-08-28 12:38:42] GET /api/v1/auth/me
[2026-08-28 12:38:42] GET /api/v1/investigations/
[2026-08-28 12:38:42] GET /api/v1/investigations/
[2026-08-28 12:38:49] GET /api/v1/transactions/
[2026-08-28 12:38:49] GET /api/v1/transactions/
[2026-08-28 12:38:50] GET /api/v1/investigations/
[2026-08-28 12:38:50] GET /api/v1/investigations/
[2026-08-28 12:38:52] GET /api/v1/customers/
[2026-08-28 12:38:52] GET /api/v1/customers/
[2026-08-28 12:38:54] GET /api/v1/transactions/
[2026-08-28 12:38:54] GET /api/v1/transactions/
[2026-08-28 12:39:00] GET /api/v1/transactions/
[2026-08-28 12:39:00] GET /api/v1/alerts/
[2026-08-28 12:39:00] GET /api/v1/investigations/
[2026-08-28 12:39:00] GET /api/v1/transactions/
[2026-08-28 12:39:00] GET /api/v1/alerts/
[2026-08-28 12:39:00] GET /api/v1/investigations/
[2026-08-28 12:40:50] POST /api/v1/auth/login
[2026-08-28 12:40:50] GET /api/v1/auth/me
[2026-08-28 12:40:50] GET /api/v1/transactions/
[2026-08-28 12:40:50] GET /api/v1/alerts/
[2026-08-28 12:40:50] GET /api/v1/investigations/
[2026-08-28 12:40:50] GET /api/v1/transactions/
[2026-08-28 12:40:51] GET /api/v1/investigations/
[2026-08-28 12:40:51] GET /api/v1/alerts/
[2026-08-28 12:40:54] GET /api/v1/transactions/
[2026-08-28 12:40:54] GET /api/v1/transactions/
[2026-08-28 12:40:55] GET /api/v1/customers/
[2026-08-28 12:40:55] GET /api/v1/customers/
[2026-08-28 12:40:56] GET /api/v1/investigations/
[2026-08-28 12:40:56] GET /api/v1/investigations/
[2026-08-28 12:40:56] GET /api/v1/investigations/CASE0147
[2026-08-28 12:40:56] GET /api/v1/investigations/CASE0147
[2026-08-28 12:40:57] GET /api/v1/transactions/
[2026-08-28 12:40:57] GET /api/v1/transactions/
[2026-08-28 12:40:58] GET /api/v1/investigations/
[2026-08-28 12:40:58] GET /api/v1/investigations/
[2026-08-28 12:40:58] GET /api/v1/investigations/CASE0147
[2026-08-28 12:40:58] GET /api/v1/investigations/CASE0147
[2026-08-28 12:41:02] GET /api/v1/transactions/
[2026-08-28 12:41:02] GET /api/v1/alerts/
[2026-08-28 12:41:02] GET /api/v1/investigations/
[2026-08-28 12:41:02] GET /api/v1/alerts/
[2026-08-28 12:41:03] GET /api/v1/transactions/
[2026-08-28 12:41:03] GET /api/v1/investigations/
[2026-08-28 12:41:07] GET /api/v1/audit
[2026-08-28 12:41:07] GET /api/v1/audit
[2026-08-28 12:41:07] GET /api/v1/audit/
[2026-08-28 12:41:07] GET /api/v1/audit/
[2026-08-28 13:38:45] POST /api/v1/auth/login
[2026-08-28 13:38:45] GET /api/v1/auth/me
[2026-08-28 13:38:46] GET /api/v1/transactions/
[2026-08-28 13:38:46] GET /api/v1/investigations/
[2026-08-28 13:38:46] GET /api/v1/alerts/
[2026-08-28 13:38:46] GET /api/v1/investigations/
[2026-08-28 13:38:46] GET /api/v1/transactions/
[2026-08-28 13:38:46] GET /api/v1/alerts/
[2026-08-28 13:38:49] GET /api/v1/customers/
[2026-08-28 13:38:49] GET /api/v1/customers/
[2026-08-28 13:38:50] GET /api/v1/models/metrics
[2026-08-28 13:38:50] GET /api/v1/models/metrics
[2026-08-28 13:38:52] GET /api/v1/audit
[2026-08-28 13:38:52] GET /api/v1/audit
[2026-08-28 13:38:52] GET /api/v1/audit/
[2026-08-28 13:38:52] GET /api/v1/audit/
[2026-08-28 13:38:53] GET /api/v1/customers/
[2026-08-28 13:38:53] GET /api/v1/customers/
[2026-08-28 13:38:54] GET /api/v1/investigations/
[2026-08-28 13:38:54] GET /api/v1/investigations/
[2026-08-28 13:38:54] GET /api/v1/investigations/CASE0147
[2026-08-28 13:38:54] GET /api/v1/investigations/CASE0147
[2026-08-28 13:41:28] GET /api/v1/customers/
[2026-08-28 13:41:28] GET /api/v1/customers/
[2026-08-28 13:41:28] GET /api/v1/audit
[2026-08-28 13:41:28] GET /api/v1/audit
[2026-08-28 13:41:28] GET /api/v1/audit/
[2026-08-28 13:41:28] GET /api/v1/audit/
[2026-08-28 13:41:30] GET /api/v1/models/metrics
[2026-08-28 13:41:30] GET /api/v1/models/metrics
[2026-08-28 13:41:30] GET /api/v1/customers/
[2026-08-28 13:41:30] GET /api/v1/customers/
[2026-08-28 13:41:31] GET /api/v1/transactions/
[2026-08-28 13:41:31] GET /api/v1/investigations/
[2026-08-28 13:41:31] GET /api/v1/alerts/
[2026-08-28 13:41:31] GET /api/v1/transactions/
[2026-08-28 13:41:31] GET /api/v1/alerts/
[2026-08-28 13:41:31] GET /api/v1/investigations/
[2026-08-28 13:42:34] POST /api/v1/auth/login
[2026-08-28 13:42:34] GET /api/v1/auth/me
[2026-08-28 13:42:34] GET /api/v1/investigations/
[2026-08-28 13:42:34] GET /api/v1/alerts/
[2026-08-28 13:42:34] GET /api/v1/transactions/
[2026-08-28 13:42:34] GET /api/v1/alerts/
[2026-08-28 13:42:34] GET /api/v1/transactions/
[2026-08-28 13:42:34] GET /api/v1/investigations/
[2026-08-28 13:42:37] GET /api/v1/transactions/
[2026-08-28 13:42:37] GET /api/v1/transactions/
[2026-08-28 13:42:38] GET /api/v1/investigations/
[2026-08-28 13:42:38] GET /api/v1/investigations/
[2026-08-28 13:42:38] GET /api/v1/investigations/CASE0147
[2026-08-28 13:42:38] GET /api/v1/investigations/CASE0147
[2026-08-28 13:42:39] GET /api/v1/customers/
[2026-08-28 13:42:39] GET /api/v1/customers/
[2026-08-28 13:42:40] GET /api/v1/investigations/
[2026-08-28 13:42:40] GET /api/v1/investigations/
[2026-08-28 13:42:40] GET /api/v1/investigations/CASE0147
[2026-08-28 13:42:40] GET /api/v1/investigations/CASE0147
[2026-08-28 13:42:48] GET /api/v1/transactions/
[2026-08-28 13:42:48] GET /api/v1/transactions/
[2026-08-28 13:42:49] GET /api/v1/models/metrics
[2026-08-28 13:42:49] GET /api/v1/models/metrics
[2026-08-28 13:42:52] GET /api/v1/audit
[2026-08-28 13:42:52] GET /api/v1/audit
[2026-08-28 13:42:52] GET /api/v1/audit/
[2026-08-28 13:42:52] GET /api/v1/audit/
[2026-08-28 13:42:53] GET /api/v1/customers/
[2026-08-28 13:42:53] GET /api/v1/customers/
[2026-08-28 13:42:55] GET /api/v1/investigations/
[2026-08-28 13:42:55] GET /api/v1/investigations/
[2026-08-28 13:42:55] GET /api/v1/investigations/CASE0147
[2026-08-28 13:42:55] GET /api/v1/investigations/CASE0147
[2026-08-28 13:50:15] GET /api/v1/auth/me
[2026-08-28 13:50:15] GET /api/v1/auth/me
[2026-08-28 13:50:15] GET /api/v1/investigations/
[2026-08-28 13:50:15] GET /api/v1/investigations/
[2026-08-28 13:50:15] GET /api/v1/investigations/CASE0147
[2026-08-28 13:50:15] GET /api/v1/investigations/CASE0147
[2026-08-28 13:57:31] GET /api/v1/auth/me
[2026-08-28 13:57:31] GET /api/v1/auth/me
[2026-08-28 13:57:31] GET /api/v1/investigations/
[2026-08-28 13:57:31] GET /api/v1/investigations/
[2026-08-28 13:57:31] GET /api/v1/investigations/CASE0147
[2026-08-28 13:57:31] GET /api/v1/investigations/CASE0147
[2026-08-28 13:57:34] GET /api/v1/transactions/
[2026-08-28 13:57:34] GET /api/v1/transactions/
[2026-08-28 13:57:35] GET /api/v1/investigations/
[2026-08-28 13:57:35] GET /api/v1/investigations/
[2026-08-28 13:57:35] GET /api/v1/investigations/CASE0147
[2026-08-28 13:57:35] GET /api/v1/investigations/CASE0147
[2026-08-28 13:57:37] GET /api/v1/customers/
[2026-08-28 13:57:37] GET /api/v1/customers/
[2026-08-28 13:57:38] GET /api/v1/models/metrics
[2026-08-28 13:57:38] GET /api/v1/models/metrics
[2026-08-28 13:57:40] GET /api/v1/customers/
[2026-08-28 13:57:40] GET /api/v1/customers/
[2026-08-28 14:11:51] GET /api/v1/auth/me
[2026-08-28 14:11:51] GET /api/v1/auth/me
[2026-08-28 14:11:51] GET /api/v1/customers/
[2026-08-28 14:11:51] GET /api/v1/customers/
[2026-08-28 14:12:03] GET /api/v1/audit
[2026-08-28 14:12:03] GET /api/v1/audit
[2026-08-28 14:12:03] GET /api/v1/audit/
[2026-08-28 14:12:03] GET /api/v1/audit/
[2026-08-28 14:12:05] GET /api/v1/models/metrics
[2026-08-28 14:12:05] GET /api/v1/models/metrics
[2026-08-28 14:12:06] GET /api/v1/investigations/
[2026-08-28 14:12:06] GET /api/v1/investigations/
[2026-08-28 14:12:06] GET /api/v1/investigations/CASE0147
[2026-08-28 14:12:06] GET /api/v1/investigations/CASE0147
[2026-08-28 14:12:07] GET /api/v1/customers/
[2026-08-28 14:12:07] GET /api/v1/customers/
[2026-08-28 14:12:08] GET /api/v1/models/metrics
[2026-08-28 14:12:08] GET /api/v1/models/metrics
[2026-08-28 14:12:10] GET /api/v1/audit
[2026-08-28 14:12:10] GET /api/v1/audit
[2026-08-28 14:12:10] GET /api/v1/audit/
[2026-08-28 14:12:10] GET /api/v1/audit/
[2026-08-28 14:12:11] GET /api/v1/models/metrics
[2026-08-28 14:12:11] GET /api/v1/models/metrics
[2026-08-28 14:58:56] GET /api/v1/auth/me
[2026-08-28 14:58:56] GET /api/v1/auth/me
[2026-08-28 14:59:03] POST /api/v1/auth/login
[2026-08-28 14:59:05] GET /api/v1/auth/me
[2026-08-28 14:59:05] GET /api/v1/transactions/
[2026-08-28 14:59:05] GET /api/v1/investigations/
[2026-08-28 14:59:05] GET /api/v1/alerts/
[2026-08-28 14:59:06] GET /api/v1/transactions/
[2026-08-28 14:59:07] GET /api/v1/alerts/
[2026-08-28 14:59:07] GET /api/v1/investigations/
[2026-08-28 14:59:12] GET /api/v1/transactions/
[2026-08-28 14:59:12] GET /api/v1/transactions/
[2026-08-28 14:59:13] GET /api/v1/investigations/
[2026-08-28 14:59:14] GET /api/v1/investigations/
[2026-08-28 14:59:14] GET /api/v1/investigations/CASE0147
[2026-08-28 14:59:14] GET /api/v1/investigations/CASE0147
[2026-08-28 14:59:19] GET /api/v1/customers/
[2026-08-28 14:59:20] GET /api/v1/customers/
[2026-08-28 14:59:20] GET /api/v1/models/metrics
[2026-08-28 14:59:21] GET /api/v1/models/metrics
[2026-08-28 14:59:22] GET /api/v1/transactions/
[2026-08-28 14:59:22] GET /api/v1/transactions/
[2026-08-28 15:01:09] POST /api/v1/auth/login
[2026-08-28 15:01:09] GET /api/v1/auth/me
[2026-08-28 15:01:09] GET /api/v1/transactions/
[2026-08-28 15:01:09] GET /api/v1/alerts/
[2026-08-28 15:01:09] GET /api/v1/investigations/
[2026-08-28 15:01:09] GET /api/v1/transactions/
[2026-08-28 15:01:09] GET /api/v1/alerts/
[2026-08-28 15:01:09] GET /api/v1/investigations/
[2026-08-28 15:01:14] POST /api/v1/auth/login
[2026-08-28 15:01:15] GET /api/v1/auth/me
[2026-08-28 15:01:15] GET /api/v1/investigations/
[2026-08-28 15:01:15] GET /api/v1/investigations/
[2026-08-28 15:01:18] GET /api/v1/transactions/
[2026-08-28 15:01:18] GET /api/v1/transactions/
[2026-08-28 15:01:19] GET /api/v1/investigations/
[2026-08-28 15:01:19] GET /api/v1/investigations/
[2026-08-28 15:01:19] GET /api/v1/investigations/
[2026-08-28 15:01:19] GET /api/v1/investigations/
[2026-08-28 15:01:22] GET /api/v1/customers/
[2026-08-28 15:01:22] GET /api/v1/customers/
[2026-08-28 15:01:23] GET /api/v1/investigations/
[2026-08-28 15:01:23] GET /api/v1/investigations/
[2026-08-28 15:02:27] GET /api/v1/alerts/
[2026-08-28 15:02:27] GET /api/v1/alerts/
[2026-08-28 15:02:27] GET /api/alerts/ALT-140902f8
[2026-08-28 15:02:28] POST /api/v1/auth/login
[2026-08-28 15:02:29] POST /api/v1/auth/login
[2026-08-28 15:02:29] GET /api/v1/transactions/
[2026-08-28 15:02:29] GET /api/v1/transactions/
[2026-08-28 15:02:29] POST /api/v1/investigations/
[2026-08-28 15:02:29] POST /api/v1/investigations/CAS-702DEA8A/assign
[2026-08-28 15:02:29] POST /api/v1/investigations/CAS-702DEA8A/notes
[2026-08-28 15:02:29] POST /api/v1/investigations/CAS-702DEA8A/decision
[2026-08-28 15:02:32] GET /api/v1/transactions/
[2026-08-28 15:05:50] GET /api/v1/alerts/
[2026-08-28 15:05:50] GET /api/v1/alerts/
[2026-08-28 15:05:51] GET /api/v1/alerts/ALT-15393649
[2026-08-28 15:05:53] POST /api/v1/auth/login
[2026-08-28 15:05:53] POST /api/v1/auth/login
[2026-08-28 15:05:53] GET /api/v1/transactions/
[2026-08-28 15:05:54] GET /api/v1/transactions/
[2026-08-28 15:05:54] POST /api/v1/investigations/
[2026-08-28 15:05:54] POST /api/v1/investigations/CAS-4D677F12/assign
[2026-08-28 15:05:54] POST /api/v1/investigations/CAS-4D677F12/notes
[2026-08-28 15:05:54] POST /api/v1/investigations/CAS-4D677F12/decision
[2026-08-28 15:05:54] POST /api/v1/investigations/CAS-4D677F12/close
[2026-08-28 15:05:54] GET /api/v1/investigations/CAS-4D677F12
[2026-08-28 15:05:57] GET /api/v1/transactions/
[2026-08-28 15:13:50] POST /api/v1/auth/login
[2026-08-28 15:16:35] POST /api/v1/auth/login
[2026-08-28 15:20:26] GET /api/v1/auth/me
[2026-08-28 15:20:26] GET /api/v1/auth/me
[2026-08-28 15:20:26] GET /api/v1/investigations/
[2026-08-28 15:20:27] GET /api/v1/investigations/
[2026-08-28 15:20:29] GET /api/v1/customers/
[2026-08-28 15:20:30] GET /api/v1/customers/
[2026-08-28 15:20:31] GET /api/v1/transactions/
[2026-08-28 15:20:31] GET /api/v1/transactions/
[2026-08-28 15:20:32] GET /api/v1/investigations/
[2026-08-28 15:20:32] GET /api/v1/investigations/
[2026-08-28 15:20:33] GET /api/v1/investigations/
[2026-08-28 15:20:33] GET /api/v1/investigations/
[2026-08-28 15:20:35] GET /api/v1/customers/
[2026-08-28 15:20:35] GET /api/v1/customers/
[2026-08-28 15:24:18] GET /api/v1/auth/me
[2026-08-28 15:24:18] GET /api/v1/auth/me
[2026-08-28 15:24:18] GET /api/v1/customers/
[2026-08-28 15:24:18] GET /api/v1/customers/
[2026-08-28 15:24:19] GET /api/v1/auth/me
[2026-08-28 15:24:19] GET /api/v1/auth/me
[2026-08-28 15:24:19] GET /api/v1/customers/
[2026-08-28 15:24:19] GET /api/v1/customers/
[2026-08-28 15:24:20] GET /api/v1/auth/me
[2026-08-28 15:24:20] GET /api/v1/auth/me
[2026-08-28 15:24:20] GET /api/v1/customers/
[2026-08-28 15:24:20] GET /api/v1/customers/
[2026-08-28 15:24:20] GET /api/v1/auth/me
[2026-08-28 15:24:20] GET /api/v1/auth/me
[2026-08-28 15:24:21] GET /api/v1/customers/
[2026-08-28 15:24:21] GET /api/v1/customers/
[2026-08-28 15:24:23] GET /api/v1/investigations/
[2026-08-28 15:24:23] GET /api/v1/investigations/
[2026-08-28 15:24:25] GET /api/v1/transactions/
[2026-08-28 15:24:25] GET /api/v1/transactions/
[2026-08-28 15:24:26] GET /api/v1/investigations/
[2026-08-28 15:24:26] GET /api/v1/investigations/
[2026-08-28 15:24:27] GET /api/v1/customers/
[2026-08-28 15:24:27] GET /api/v1/customers/
[2026-08-28 15:24:32] POST /api/v1/auth/login
[2026-08-28 15:24:34] GET /api/v1/auth/me
[2026-08-28 15:24:34] GET /api/v1/transactions/
[2026-08-28 15:24:34] GET /api/v1/investigations/
[2026-08-28 15:24:34] GET /api/v1/alerts/
[2026-08-28 15:24:34] GET /api/v1/investigations/
[2026-08-28 15:24:34] GET /api/v1/transactions/
[2026-08-28 15:24:35] GET /api/v1/alerts/
[2026-08-28 15:24:37] GET /api/v1/transactions/
[2026-08-28 15:24:38] GET /api/v1/transactions/
[2026-08-28 15:24:39] GET /api/v1/investigations/
[2026-08-28 15:24:39] GET /api/v1/investigations/
[2026-08-28 15:24:39] GET /api/v1/investigations/CASE0147
[2026-08-28 15:24:39] GET /api/v1/investigations/CASE0147
[2026-08-28 15:24:41] GET /api/v1/customers/
[2026-08-28 15:24:41] GET /api/v1/customers/
[2026-08-28 15:24:42] GET /api/v1/models/metrics
[2026-08-28 15:24:42] GET /api/v1/models/metrics
[2026-08-28 15:24:45] GET /api/v1/audit
[2026-08-28 15:24:45] GET /api/v1/audit
[2026-08-28 15:24:45] GET /api/v1/audit/
[2026-08-28 15:24:45] GET /api/v1/audit/
[2026-08-28 15:38:33] GET /api/v1/auth/me
[2026-08-28 15:38:33] GET /api/v1/auth/me
[2026-08-28 15:39:28] GET /api/v1/auth/me
[2026-08-28 15:39:29] GET /api/v1/auth/me
[2026-08-28 15:39:29] GET /api/v1/audit
[2026-08-28 15:39:29] GET /api/v1/audit
[2026-08-28 15:39:30] GET /api/v1/audit/
[2026-08-28 15:39:30] GET /api/v1/audit/
[2026-08-28 15:43:55] POST /api/v1/auth/login
[2026-08-28 15:43:55] GET /api/v1/auth/me
[2026-08-28 15:43:55] GET /api/v1/transactions/
[2026-08-28 15:43:55] GET /api/v1/investigations/
[2026-08-28 15:43:55] GET /api/v1/alerts/
[2026-08-28 15:43:55] GET /api/v1/transactions/
[2026-08-28 15:43:55] GET /api/v1/alerts/
[2026-08-28 15:43:55] GET /api/v1/investigations/
[2026-08-28 15:45:11] POST /api/v1/auth/login
[2026-08-28 15:45:12] GET /api/v1/auth/me
[2026-08-28 15:45:12] GET /api/v1/transactions/
[2026-08-28 15:45:12] GET /api/v1/alerts/
[2026-08-28 15:45:12] GET /api/v1/investigations/
[2026-08-28 15:45:12] GET /api/v1/investigations/
[2026-08-28 15:45:12] GET /api/v1/transactions/
[2026-08-28 15:45:12] GET /api/v1/alerts/
[2026-08-28 15:45:15] GET /api/v1/transactions/
[2026-08-28 15:45:15] GET /api/v1/transactions/
[2026-08-28 16:03:42] GET /api/v1/auth/me
[2026-08-28 16:03:42] GET /api/v1/auth/me
[2026-08-28 16:03:42] GET /api/v1/audit
[2026-08-28 16:03:42] GET /api/v1/audit
[2026-08-28 16:03:42] GET /api/v1/audit/
[2026-08-28 16:03:42] GET /api/v1/audit/
[2026-08-28 21:11:34] POST /api/v1/transactions/
[2026-08-28 21:11:35] GET /api/v1/transactions/
[2026-08-28 21:12:26] POST /api/v1/transactions/
[2026-08-28 21:12:27] GET /api/v1/transactions/
[2026-08-28 21:12:27] GET /api/v1/transactions/
[2026-08-28 21:12:57] POST /api/v1/transactions/
[2026-08-28 21:13:27] POST /api/v1/transactions/
[2026-08-28 21:14:10] POST /api/v1/transactions/
[2026-08-28 21:14:55] POST /api/v1/transactions/
[2026-08-28 21:15:21] POST /api/v1/transactions/
[2026-08-31 01:36:19] POST /api/v1/auth/login
[2026-08-31 01:36:30] POST /api/v1/auth/login
[2026-08-31 01:39:27] POST /api/v1/auth/login
